C51 COMPILER V9.59.0.0   MAIN                                                              12/04/2018 10:11:48 PAGE 1   


C51 COMPILER V9.59.0.0, COMPILATION OF MODULE MAIN
OBJECT MODULE PLACED IN .\Objects\main.obj
COMPILER INVOKED BY: D:\Keil_v5\C51\BIN\C51.EXE main.c OPTIMIZE(8,SPEED) BROWSE DEBUG OBJECTEXTEND PRINT(.\Listings\main
                    -.lst) TABS(2) OBJECT(.\Objects\main.obj)

line level    source

   1          /**
   2           * @author Krzysztof Stezala
   3           * @date 2018-12-03
   4           * @version 1.0
   5           * @brief UART Timer 3
   6           */
   7           
   8           #include "aduc831.h"
   9           #include "timers.h"
  10           #include "bitop.h"
  11           
  12           /*
  13            * Global variables
  14            */
  15          char my_buffer[3];
  16          int counter = 0;
  17          int led_number = 0;
  18           
  19          /*
  20           * Example for 11.0592 MHz and 115200 bits/second
  21           */
  22           
  23          void UART_function() interrupt 4
  24          {
  25   1        char received = 0;
  26   1        if(RI == 1){
  27   2          // getting char from user
  28   2          received = (char)SBUF;
  29   2          // putting the char into array
  30   2          my_buffer[counter]=received;
  31   2          // incrementing the counter
  32   2          counter++;
  33   2          // if counter == 3 check contents
  34   2          if(counter==3)
  35   2          {
  36   3            if(my_buffer[0]=='L')
  37   3            {
  38   4              if(my_buffer[1]=='1' || my_buffer[1]=='2' || my_buffer[1]=='3')
  39   4              {
  40   5                led_number = my_buffer[1] - '0';
  41   5              }
  42   4              if(my_buffer[2]=='S')
  43   4              {
  44   5                DiodeON(P3, led_number);
  45   5                counter = 0;
  46   5              }
  47   4              else if(my_buffer[2]=='R')
  48   4              {
  49   5                DiodeOFF(P3, led_number);
  50   5                counter = 0;
  51   5              }
  52   4            }
  53   3          }
  54   2          //      if contents are a command do them
C51 COMPILER V9.59.0.0   MAIN                                                              12/04/2018 10:11:48 PAGE 2   

  55   2          //          clear the array, reset counter
  56   2          // else keep going
  57   2          received = (char)SBUF;
  58   2          RI = 0;
  59   2          SBUF = received;
  60   2        }
  61   1        if(TI==1){
  62   2          TI = 0;
  63   2        }
  64   1        return;
  65   1      }
  66           
  67          void main(void)
  68          {
  69   1          EA = 1;
  70   1          ES = 1;
  71   1        
  72   1          //UART configuration
  73   1          SM0 = 1;
  74   1          SM1 = 1;
  75   1          SM2 = 0;
  76   1          REN = 1;
  77   1          
  78   1          //Timer 3 setup
  79   1          T3CON = T3CON_115200_11;
  80   1          T3FD = T3FD_115200_11;
  81   1        
  82   1          while(1)
  83   1          {
  84   2          }
  85   1      }


MODULE INFORMATION:   STATIC OVERLAYABLE
   CODE SIZE        =    178    ----
   CONSTANT SIZE    =   ----    ----
   XDATA SIZE       =   ----    ----
   PDATA SIZE       =   ----    ----
   DATA SIZE        =      7    ----
   IDATA SIZE       =   ----    ----
   BIT SIZE         =   ----    ----
END OF MODULE INFORMATION.


C51 COMPILATION COMPLETE.  0 WARNING(S),  0 ERROR(S)
